SUCCESSFULLY QUEUED VALUE: 1
NEW ITEM COUNT: 1

SUCCESSFULLY QUEUED VALUE: 1
NEW ITEM COUNT: 1

SUCCESSFULLY DEQUEUED VALUE: 1
NEW ITEM COUNT: 0

SUCCESSFULLY QUEUED VALUE: 1
NEW ITEM COUNT: 1

SUCCESSFULLY QUEUED VALUE: 2
NEW ITEM COUNT: 2

SUCCESSFULLY QUEUED VALUE: 3
NEW ITEM COUNT: 3

SUCCESSFULLY QUEUED VALUE: 4
NEW ITEM COUNT: 4

SUCCESSFULLY QUEUED VALUE: 1
NEW ITEM COUNT: 1

SUCCESSFULLY DEQUEUED VALUE: 1
NEW ITEM COUNT: 0

SUCCESSFULLY QUEUED VALUE: 1
NEW ITEM COUNT: 1

SUCCESSFULLY QUEUED VALUE: 2
NEW ITEM COUNT: 2

SUCCESSFULLY QUEUED VALUE: 3
NEW ITEM COUNT: 3

SUCCESSFULLY QUEUED VALUE: 4
NEW ITEM COUNT: 4

ERROR: Cannot add 5 to the queue - QUEUE IS FULL
SUCCESSFULLY QUEUED VALUE: 1
NEW ITEM COUNT: 1

SUCCESSFULLY DEQUEUED VALUE: 1
NEW ITEM COUNT: 0

ERROR: Cannot remove from the queue - QUEUE IS EMPTY
