 Inserted -> 1
 Inserted -> 1

 Queue is empty Inserted -> 1
 Inserted -> 1
 Inserted -> 1
 Inserted -> 1
 Inserted -> 1
Queue is full!!
 Queue is empty